Archive member included to satisfy reference by file (symbol)

c:/st/stm32cubeide_1.10.1/stm32cubeide/plugins/com.st.stm32cube.ide.mcu.externaltools.gnu-tools-for-stm32.10.3-2021.10.win32_1.0.0.202111181127/tools/bin/../lib/gcc/arm-none-eabi/10.3.1/../../../../arm-none-eabi/lib/thumb/v7e-m+fp/hard\libc_nano.a(lib_a-errno.o)
                              ./Core/Src/syscalls.o (__errno)
c:/st/stm32cubeide_1.10.1/stm32cubeide/plugins/com.st.stm32cube.ide.mcu.externaltools.gnu-tools-for-stm32.10.3-2021.10.win32_1.0.0.202111181127/tools/bin/../lib/gcc/arm-none-eabi/10.3.1/../../../../arm-none-eabi/lib/thumb/v7e-m+fp/hard\libc_nano.a(lib_a-exit.o)
                              c:/st/stm32cubeide_1.10.1/stm32cubeide/plugins/com.st.stm32cube.ide.mcu.externaltools.gnu-tools-for-stm32.10.3-2021.10.win32_1.0.0.202111181127/tools/bin/../lib/gcc/arm-none-eabi/10.3.1/../../../../arm-none-eabi/lib/thumb/v7e-m+fp/hard/crt0.o (exit)
c:/st/stm32cubeide_1.10.1/stm32cubeide/plugins/com.st.stm32cube.ide.mcu.externaltools.gnu-tools-for-stm32.10.3-2021.10.win32_1.0.0.202111181127/tools/bin/../lib/gcc/arm-none-eabi/10.3.1/../../../../arm-none-eabi/lib/thumb/v7e-m+fp/hard\libc_nano.a(lib_a-impure.o)
                              c:/st/stm32cubeide_1.10.1/stm32cubeide/plugins/com.st.stm32cube.ide.mcu.externaltools.gnu-tools-for-stm32.10.3-2021.10.win32_1.0.0.202111181127/tools/bin/../lib/gcc/arm-none-eabi/10.3.1/../../../../arm-none-eabi/lib/thumb/v7e-m+fp/hard\libc_nano.a(lib_a-exit.o) (_global_impure_ptr)
c:/st/stm32cubeide_1.10.1/stm32cubeide/plugins/com.st.stm32cube.ide.mcu.externaltools.gnu-tools-for-stm32.10.3-2021.10.win32_1.0.0.202111181127/tools/bin/../lib/gcc/arm-none-eabi/10.3.1/../../../../arm-none-eabi/lib/thumb/v7e-m+fp/hard\libc_nano.a(lib_a-init.o)
                              c:/st/stm32cubeide_1.10.1/stm32cubeide/plugins/com.st.stm32cube.ide.mcu.externaltools.gnu-tools-for-stm32.10.3-2021.10.win32_1.0.0.202111181127/tools/bin/../lib/gcc/arm-none-eabi/10.3.1/../../../../arm-none-eabi/lib/thumb/v7e-m+fp/hard/crt0.o (__libc_init_array)
c:/st/stm32cubeide_1.10.1/stm32cubeide/plugins/com.st.stm32cube.ide.mcu.externaltools.gnu-tools-for-stm32.10.3-2021.10.win32_1.0.0.202111181127/tools/bin/../lib/gcc/arm-none-eabi/10.3.1/../../../../arm-none-eabi/lib/thumb/v7e-m+fp/hard\libc_nano.a(lib_a-memset.o)
                              c:/st/stm32cubeide_1.10.1/stm32cubeide/plugins/com.st.stm32cube.ide.mcu.externaltools.gnu-tools-for-stm32.10.3-2021.10.win32_1.0.0.202111181127/tools/bin/../lib/gcc/arm-none-eabi/10.3.1/../../../../arm-none-eabi/lib/thumb/v7e-m+fp/hard/crt0.o (memset)
c:/st/stm32cubeide_1.10.1/stm32cubeide/plugins/com.st.stm32cube.ide.mcu.externaltools.gnu-tools-for-stm32.10.3-2021.10.win32_1.0.0.202111181127/tools/bin/../lib/gcc/arm-none-eabi/10.3.1/thumb/v7e-m+fp/hard\libgcc.a(_aeabi_uldivmod.o)
                              ./Drivers/STM32F4xx_HAL_Driver/Src/stm32f4xx_hal_rcc.o (__aeabi_uldivmod)
c:/st/stm32cubeide_1.10.1/stm32cubeide/plugins/com.st.stm32cube.ide.mcu.externaltools.gnu-tools-for-stm32.10.3-2021.10.win32_1.0.0.202111181127/tools/bin/../lib/gcc/arm-none-eabi/10.3.1/thumb/v7e-m+fp/hard\libgcc.a(_udivmoddi4.o)
                              c:/st/stm32cubeide_1.10.1/stm32cubeide/plugins/com.st.stm32cube.ide.mcu.externaltools.gnu-tools-for-stm32.10.3-2021.10.win32_1.0.0.202111181127/tools/bin/../lib/gcc/arm-none-eabi/10.3.1/thumb/v7e-m+fp/hard\libgcc.a(_aeabi_uldivmod.o) (__udivmoddi4)
c:/st/stm32cubeide_1.10.1/stm32cubeide/plugins/com.st.stm32cube.ide.mcu.externaltools.gnu-tools-for-stm32.10.3-2021.10.win32_1.0.0.202111181127/tools/bin/../lib/gcc/arm-none-eabi/10.3.1/thumb/v7e-m+fp/hard\libgcc.a(_dvmd_tls.o)
                              c:/st/stm32cubeide_1.10.1/stm32cubeide/plugins/com.st.stm32cube.ide.mcu.externaltools.gnu-tools-for-stm32.10.3-2021.10.win32_1.0.0.202111181127/tools/bin/../lib/gcc/arm-none-eabi/10.3.1/thumb/v7e-m+fp/hard\libgcc.a(_aeabi_uldivmod.o) (__aeabi_ldiv0)

Discarded input sections

 .text          0x0000000000000000        0x0 c:/st/stm32cubeide_1.10.1/stm32cubeide/plugins/com.st.stm32cube.ide.mcu.externaltools.gnu-tools-for-stm32.10.3-2021.10.win32_1.0.0.202111181127/tools/bin/../lib/gcc/arm-none-eabi/10.3.1/thumb/v7e-m+fp/hard/crti.o
 .data          0x0000000000000000        0x0 c:/st/stm32cubeide_1.10.1/stm32cubeide/plugins/com.st.stm32cube.ide.mcu.externaltools.gnu-tools-for-stm32.10.3-2021.10.win32_1.0.0.202111181127/tools/bin/../lib/gcc/arm-none-eabi/10.3.1/thumb/v7e-m+fp/hard/crti.o
 .bss           0x0000000000000000        0x0 c:/st/stm32cubeide_1.10.1/stm32cubeide/plugins/com.st.stm32cube.ide.mcu.externaltools.gnu-tools-for-stm32.10.3-2021.10.win32_1.0.0.202111181127/tools/bin/../lib/gcc/arm-none-eabi/10.3.1/thumb/v7e-m+fp/hard/crti.o
[...]
Memory Configuration

Name             Origin             Length             Attributes
RAM              0x0000000020000000 0x0000000000020000 xrw
FLASH            0x0000000008000000 0x0000000000080000 xr
*default*        0x0000000000000000 0xffffffffffffffff

Linker script and memory map

LOAD c:/st/stm32cubeide_1.10.1/stm32cubeide/plugins/com.st.stm32cube.ide.mcu.externaltools.gnu-tools-for-stm32.10.3-2021.10.win32_1.0.0.202111181127/tools/bin/../lib/gcc/arm-none-eabi/10.3.1/thumb/v7e-m+fp/hard/crti.o
LOAD c:/st/stm32cubeide_1.10.1/stm32cubeide/plugins/com.st.stm32cube.ide.mcu.externaltools.gnu-tools-for-stm32.10.3-2021.10.win32_1.0.0.202111181127/tools/bin/../lib/gcc/arm-none-eabi/10.3.1/thumb/v7e-m+fp/hard/crtbegin.o
LOAD c:/st/stm32cubeide_1.10.1/stm32cubeide/plugins/com.st.stm32cube.ide.mcu.externaltools.gnu-tools-for-stm32.10.3-2021.10.win32_1.0.0.202111181127/tools/bin/../lib/gcc/arm-none-eabi/10.3.1/../../../../arm-none-eabi/lib/thumb/v7e-m+fp/hard/crt0.o
LOAD ./Core/Src/GFX_FUNCTIONS.o
LOAD ./Core/Src/ST7735.o
LOAD ./Core/Src/fonts.o
LOAD ./Core/Src/main.o
LOAD ./Core/Src/stm32f4xx_hal_msp.o
LOAD ./Core/Src/stm32f4xx_it.o
LOAD ./Core/Src/syscalls.o
LOAD ./Core/Src/sysmem.o
LOAD ./Core/Src/system_stm32f4xx.o
LOAD ./Core/Startup/startup_stm32f446retx.o
LOAD ./Drivers/STM32F4xx_HAL_Driver/Src/stm32f4xx_hal.o
LOAD ./Drivers/STM32F4xx_HAL_Driver/Src/stm32f4xx_hal_cortex.o
LOAD ./Drivers/STM32F4xx_HAL_Driver/Src/stm32f4xx_hal_dma.o
LOAD ./Drivers/STM32F4xx_HAL_Driver/Src/stm32f4xx_hal_dma_ex.o
LOAD ./Drivers/STM32F4xx_HAL_Driver/Src/stm32f4xx_hal_exti.o
LOAD ./Drivers/STM32F4xx_HAL_Driver/Src/stm32f4xx_hal_flash.o
LOAD ./Drivers/STM32F4xx_HAL_Driver/Src/stm32f4xx_hal_flash_ex.o
LOAD ./Drivers/STM32F4xx_HAL_Driver/Src/stm32f4xx_hal_flash_ramfunc.o
LOAD ./Drivers/STM32F4xx_HAL_Driver/Src/stm32f4xx_hal_gpio.o
LOAD ./Drivers/STM32F4xx_HAL_Driver/Src/stm32f4xx_hal_pwr.o
LOAD ./Drivers/STM32F4xx_HAL_Driver/Src/stm32f4xx_hal_pwr_ex.o
LOAD ./Drivers/STM32F4xx_HAL_Driver/Src/stm32f4xx_hal_rcc.o
LOAD ./Drivers/STM32F4xx_HAL_Driver/Src/stm32f4xx_hal_rcc_ex.o
LOAD ./Drivers/STM32F4xx_HAL_Driver/Src/stm32f4xx_hal_spi.o
LOAD ./Drivers/STM32F4xx_HAL_Driver/Src/stm32f4xx_hal_tim.o
LOAD ./Drivers/STM32F4xx_HAL_Driver/Src/stm32f4xx_hal_tim_ex.o
START GROUP
LOAD c:/st/stm32cubeide_1.10.1/stm32cubeide/plugins/com.st.stm32cube.ide.mcu.externaltools.gnu-tools-for-stm32.10.3-2021.10.win32_1.0.0.202111181127/tools/bin/../lib/gcc/arm-none-eabi/10.3.1/../../../../arm-none-eabi/lib/thumb/v7e-m+fp/hard\libc_nano.a
LOAD c:/st/stm32cubeide_1.10.1/stm32cubeide/plugins/com.st.stm32cube.ide.mcu.externaltools.gnu-tools-for-stm32.10.3-2021.10.win32_1.0.0.202111181127/tools/bin/../lib/gcc/arm-none-eabi/10.3.1/../../../../arm-none-eabi/lib/thumb/v7e-m+fp/hard\libm.a
END GROUP
START GROUP
LOAD c:/st/stm32cubeide_1.10.1/stm32cubeide/plugins/com.st.stm32cube.ide.mcu.externaltools.gnu-tools-for-stm32.10.3-2021.10.win32_1.0.0.202111181127/tools/bin/../lib/gcc/arm-none-eabi/10.3.1/thumb/v7e-m+fp/hard\libgcc.a
LOAD c:/st/stm32cubeide_1.10.1/stm32cubeide/plugins/com.st.stm32cube.ide.mcu.externaltools.gnu-tools-for-stm32.10.3-2021.10.win32_1.0.0.202111181127/tools/bin/../lib/gcc/arm-none-eabi/10.3.1/../../../../arm-none-eabi/lib/thumb/v7e-m+fp/hard\libc_nano.a
END GROUP
START GROUP
LOAD c:/st/stm32cubeide_1.10.1/stm32cubeide/plugins/com.st.stm32cube.ide.mcu.externaltools.gnu-tools-for-stm32.10.3-2021.10.win32_1.0.0.202111181127/tools/bin/../lib/gcc/arm-none-eabi/10.3.1/thumb/v7e-m+fp/hard\libgcc.a
LOAD c:/st/stm32cubeide_1.10.1/stm32cubeide/plugins/com.st.stm32cube.ide.mcu.externaltools.gnu-tools-for-stm32.10.3-2021.10.win32_1.0.0.202111181127/tools/bin/../lib/gcc/arm-none-eabi/10.3.1/../../../../arm-none-eabi/lib/thumb/v7e-m+fp/hard\libc_nano.a
LOAD c:/st/stm32cubeide_1.10.1/stm32cubeide/plugins/com.st.stm32cube.ide.mcu.externaltools.gnu-tools-for-stm32.10.3-2021.10.win32_1.0.0.202111181127/tools/bin/../lib/gcc/arm-none-eabi/10.3.1/../../../../arm-none-eabi/lib/thumb/v7e-m+fp/hard\libnosys.a
END GROUP
START GROUP
LOAD c:/st/stm32cubeide_1.10.1/stm32cubeide/plugins/com.st.stm32cube.ide.mcu.externaltools.gnu-tools-for-stm32.10.3-2021.10.win32_1.0.0.202111181127/tools/bin/../lib/gcc/arm-none-eabi/10.3.1/thumb/v7e-m+fp/hard\libgcc.a
LOAD c:/st/stm32cubeide_1.10.1/stm32cubeide/plugins/com.st.stm32cube.ide.mcu.externaltools.gnu-tools-for-stm32.10.3-2021.10.win32_1.0.0.202111181127/tools/bin/../lib/gcc/arm-none-eabi/10.3.1/../../../../arm-none-eabi/lib/thumb/v7e-m+fp/hard\libc_nano.a
LOAD c:/st/stm32cubeide_1.10.1/stm32cubeide/plugins/com.st.stm32cube.ide.mcu.externaltools.gnu-tools-for-stm32.10.3-2021.10.win32_1.0.0.202111181127/tools/bin/../lib/gcc/arm-none-eabi/10.3.1/../../../../arm-none-eabi/lib/thumb/v7e-m+fp/hard\libnosys.a
END GROUP
LOAD c:/st/stm32cubeide_1.10.1/stm32cubeide/plugins/com.st.stm32cube.ide.mcu.externaltools.gnu-tools-for-stm32.10.3-2021.10.win32_1.0.0.202111181127/tools/bin/../lib/gcc/arm-none-eabi/10.3.1/thumb/v7e-m+fp/hard/crtend.o
LOAD c:/st/stm32cubeide_1.10.1/stm32cubeide/plugins/com.st.stm32cube.ide.mcu.externaltools.gnu-tools-for-stm32.10.3-2021.10.win32_1.0.0.202111181127/tools/bin/../lib/gcc/arm-none-eabi/10.3.1/thumb/v7e-m+fp/hard/crtn.o
                0x0000000020020000                _estack = (ORIGIN (RAM) + LENGTH (RAM))
                0x0000000000000200                _Min_Heap_Size = 0x200
                0x0000000000000400                _Min_Stack_Size = 0x400

.isr_vector     0x0000000008000000      0x1c4
                0x0000000008000000                . = ALIGN (0x4)
 *(.isr_vector)
 .isr_vector    0x0000000008000000      0x1c4 ./Core/Startup/startup_stm32f446retx.o
                0x0000000008000000                g_pfnVectors
                0x00000000080001c4                . = ALIGN (0x4)

.text           0x00000000080001c4     0x2598
                0x00000000080001c4                . = ALIGN (0x4)
 *(.text)
 .text          0x00000000080001c4       0x40 c:/st/stm32cubeide_1.10.1/stm32cubeide/plugins/com.st.stm32cube.ide.mcu.externaltools.gnu-tools-for-stm32.10.3-2021.10.win32_1.0.0.202111181127/tools/bin/../lib/gcc/arm-none-eabi/10.3.1/thumb/v7e-m+fp/hard/crtbegin.o
 .text          0x0000000008000204       0x30 c:/st/stm32cubeide_1.10.1/stm32cubeide/plugins/com.st.stm32cube.ide.mcu.externaltools.gnu-tools-for-stm32.10.3-2021.10.win32_1.0.0.202111181127/tools/bin/../lib/gcc/arm-none-eabi/10.3.1/thumb/v7e-m+fp/hard\libgcc.a(_aeabi_uldivmod.o)
                0x0000000008000204                __aeabi_uldivmod
 .text          0x0000000008000234      0x2d0 c:/st/stm32cubeide_1.10.1/stm32cubeide/plugins/com.st.stm32cube.ide.mcu.externaltools.gnu-tools-for-stm32.10.3-2021.10.win32_1.0.0.202111181127/tools/bin/../lib/gcc/arm-none-eabi/10.3.1/thumb/v7e-m+fp/hard\libgcc.a(_udivmoddi4.o)
                0x0000000008000234                __udivmoddi4
 .text          0x0000000008000504        0x4 c:/st/stm32cubeide_1.10.1/stm32cubeide/plugins/com.st.stm32cube.ide.mcu.externaltools.gnu-tools-for-stm32.10.3-2021.10.win32_1.0.0.202111181127/tools/bin/../lib/gcc/arm-none-eabi/10.3.1/thumb/v7e-m+fp/hard\libgcc.a(_dvmd_tls.o)
                0x0000000008000504                __aeabi_idiv0
                0x0000000008000504                __aeabi_ldiv0
 *(.text*)
 .text.fillRect
                0x0000000008000508       0x38 ./Core/Src/GFX_FUNCTIONS.o
                0x0000000008000508                fillRect
 .text.fillScreen
                0x0000000008000540       0x34 ./Core/Src/GFX_FUNCTIONS.o
                0x0000000008000540                fillScreen
 .text.ST7735_Select
                0x0000000008000574       0x18 ./Core/Src/ST7735.o
                0x0000000008000574                ST7735_Select
 .text.ST7735_Unselect
                0x000000000800058c       0x18 ./Core/Src/ST7735.o
                0x000000000800058c                ST7735_Unselect
 .text.ST7735_Reset
                0x00000000080005a4       0x28 ./Core/Src/ST7735.o
                0x00000000080005a4                ST7735_Reset
 .text.ST7735_WriteCommand
                0x00000000080005cc       0x34 ./Core/Src/ST7735.o
                0x00000000080005cc                ST7735_WriteCommand
 .text.ST7735_WriteData
                0x0000000008000600       0x38 ./Core/Src/ST7735.o
                0x0000000008000600                ST7735_WriteData
 .text.DisplayInit
                0x0000000008000638       0x92 ./Core/Src/ST7735.o
                0x0000000008000638                DisplayInit
 *fill*         0x00000000080006ca        0x2 
 .text.ST7735_SetAddressWindow
                0x00000000080006cc       0x90 ./Core/Src/ST7735.o
                0x00000000080006cc                ST7735_SetAddressWindow
 .text.ST7735_Init
                0x000000000800075c       0x58 ./Core/Src/ST7735.o
                0x000000000800075c                ST7735_Init
 .text.ST7735_SetRotation
                0x00000000080007b4      0x100 ./Core/Src/ST7735.o
                0x00000000080007b4                ST7735_SetRotation
 .text.ST7735_WriteChar
                0x00000000080008b4       0xee ./Core/Src/ST7735.o
                0x00000000080008b4                ST7735_WriteChar
 *fill*         0x00000000080009a2        0x2 
 .text.ST7735_WriteString
                0x00000000080009a4       0xa8 ./Core/Src/ST7735.o
                0x00000000080009a4                ST7735_WriteString
 .text.ST7735_FillRectangle
                0x0000000008000a4c      0x114 ./Core/Src/ST7735.o
                0x0000000008000a4c                ST7735_FillRectangle
 .text.main     0x0000000008000b60       0xfc ./Core/Src/main.o
                0x0000000008000b60                main
 .text.SystemClock_Config
                0x0000000008000c5c       0xe4 ./Core/Src/main.o
                0x0000000008000c5c                SystemClock_Config
 .text.MX_SPI1_Init
                0x0000000008000d40       0x70 ./Core/Src/main.o
 .text.MX_GPIO_Init
                0x0000000008000db0      0x114 ./Core/Src/main.o
 .text.Error_Handler
                0x0000000008000ec4        0xe ./Core/Src/main.o
                0x0000000008000ec4                Error_Handler
 *fill*         0x0000000008000ed2        0x2 
 .text.HAL_MspInit
                0x0000000008000ed4       0x50 ./Core/Src/stm32f4xx_hal_msp.o
                0x0000000008000ed4                HAL_MspInit
 .text.HAL_SPI_MspInit
                0x0000000008000f24       0x90 ./Core/Src/stm32f4xx_hal_msp.o
                0x0000000008000f24                HAL_SPI_MspInit
 .text.NMI_Handler
                0x0000000008000fb4        0xe ./Core/Src/stm32f4xx_it.o
                0x0000000008000fb4                NMI_Handler
 .text.HardFault_Handler
                0x0000000008000fc2        0x6 ./Core/Src/stm32f4xx_it.o
                0x0000000008000fc2                HardFault_Handler
 .text.MemManage_Handler
                0x0000000008000fc8        0x6 ./Core/Src/stm32f4xx_it.o
                0x0000000008000fc8                MemManage_Handler
 .text.BusFault_Handler
                0x0000000008000fce        0x6 ./Core/Src/stm32f4xx_it.o
                0x0000000008000fce                BusFault_Handler
 .text.UsageFault_Handler
                0x0000000008000fd4        0x6 ./Core/Src/stm32f4xx_it.o
                0x0000000008000fd4                UsageFault_Handler
 .text.SVC_Handler
                0x0000000008000fda        0xe ./Core/Src/stm32f4xx_it.o
                0x0000000008000fda                SVC_Handler
 .text.DebugMon_Handler
                0x0000000008000fe8        0xe ./Core/Src/stm32f4xx_it.o
                0x0000000008000fe8                DebugMon_Handler
 .text.PendSV_Handler
                0x0000000008000ff6        0xe ./Core/Src/stm32f4xx_it.o
                0x0000000008000ff6                PendSV_Handler
 .text.SysTick_Handler
                0x0000000008001004        0xc ./Core/Src/stm32f4xx_it.o
                0x0000000008001004                SysTick_Handler
 .text.SystemInit
                0x0000000008001010       0x2c ./Core/Src/system_stm32f4xx.o
                0x0000000008001010                SystemInit
 .text.Reset_Handler
                0x000000000800103c       0x50 ./Core/Startup/startup_stm32f446retx.o
                0x000000000800103c                Reset_Handler
 .text.Default_Handler
                0x000000000800108c        0x2 ./Core/Startup/startup_stm32f446retx.o
                0x000000000800108c                RTC_Alarm_IRQHandler
                0x000000000800108c                EXTI2_IRQHandler
                0x000000000800108c                TIM8_CC_IRQHandler
                0x000000000800108c                FMPI2C1_EV_IRQHandler
                0x000000000800108c                SPI4_IRQHandler
                0x000000000800108c                TIM1_CC_IRQHandler
                0x000000000800108c                DMA2_Stream5_IRQHandler
                0x000000000800108c                DMA1_Stream5_IRQHandler
                0x000000000800108c                PVD_IRQHandler
                0x000000000800108c                SDIO_IRQHandler
                0x000000000800108c                TAMP_STAMP_IRQHandler
                0x000000000800108c                CAN2_RX1_IRQHandler
                0x000000000800108c                EXTI3_IRQHandler
                0x000000000800108c                TIM8_TRG_COM_TIM14_IRQHandler
                0x000000000800108c                TIM1_UP_TIM10_IRQHandler
                0x000000000800108c                TIM8_UP_TIM13_IRQHandler
                0x000000000800108c                I2C3_ER_IRQHandler
                0x000000000800108c                EXTI0_IRQHandler
                0x000000000800108c                I2C2_EV_IRQHandler
                0x000000000800108c                DMA1_Stream2_IRQHandler
                0x000000000800108c                CAN1_RX0_IRQHandler
                0x000000000800108c                FPU_IRQHandler
                0x000000000800108c                OTG_HS_WKUP_IRQHandler
                0x000000000800108c                CAN2_SCE_IRQHandler
                0x000000000800108c                DMA2_Stream2_IRQHandler
                0x000000000800108c                SPI1_IRQHandler
                0x000000000800108c                TIM6_DAC_IRQHandler
                0x000000000800108c                TIM1_BRK_TIM9_IRQHandler
                0x000000000800108c                DCMI_IRQHandler
                0x000000000800108c                CAN2_RX0_IRQHandler
                0x000000000800108c                DMA2_Stream3_IRQHandler
                0x000000000800108c                SAI2_IRQHandler
                0x000000000800108c                USART6_IRQHandler
                0x000000000800108c                USART3_IRQHandler
                0x000000000800108c                CAN1_RX1_IRQHandler
                0x000000000800108c                UART5_IRQHandler
                0x000000000800108c                DMA2_Stream0_IRQHandler
                0x000000000800108c                TIM4_IRQHandler
                0x000000000800108c                QUADSPI_IRQHandler
                0x000000000800108c                I2C1_EV_IRQHandler
                0x000000000800108c                DMA1_Stream6_IRQHandler
                0x000000000800108c                DMA1_Stream1_IRQHandler
                0x000000000800108c                UART4_IRQHandler
                0x000000000800108c                TIM3_IRQHandler
                0x000000000800108c                RCC_IRQHandler
                0x000000000800108c                TIM8_BRK_TIM12_IRQHandler
                0x000000000800108c                Default_Handler
                0x000000000800108c                CEC_IRQHandler
                0x000000000800108c                EXTI15_10_IRQHandler
                0x000000000800108c                ADC_IRQHandler
                0x000000000800108c                DMA1_Stream7_IRQHandler
                0x000000000800108c                TIM7_IRQHandler
                0x000000000800108c                CAN2_TX_IRQHandler
                0x000000000800108c                TIM5_IRQHandler
                0x000000000800108c                DMA2_Stream7_IRQHandler
                0x000000000800108c                I2C3_EV_IRQHandler
                0x000000000800108c                EXTI9_5_IRQHandler
                0x000000000800108c                RTC_WKUP_IRQHandler
                0x000000000800108c                SPDIF_RX_IRQHandler
                0x000000000800108c                SPI2_IRQHandler
                0x000000000800108c                OTG_HS_EP1_IN_IRQHandler
                0x000000000800108c                DMA1_Stream0_IRQHandler
                0x000000000800108c                CAN1_TX_IRQHandler
                0x000000000800108c                FMPI2C1_ER_IRQHandler
                0x000000000800108c                EXTI4_IRQHandler
                0x000000000800108c                OTG_HS_EP1_OUT_IRQHandler
                0x000000000800108c                WWDG_IRQHandler
                0x000000000800108c                TIM2_IRQHandler
                0x000000000800108c                OTG_FS_WKUP_IRQHandler
                0x000000000800108c                TIM1_TRG_COM_TIM11_IRQHandler
                0x000000000800108c                OTG_HS_IRQHandler
                0x000000000800108c                EXTI1_IRQHandler
                0x000000000800108c                USART2_IRQHandler
                0x000000000800108c                I2C2_ER_IRQHandler
                0x000000000800108c                DMA2_Stream1_IRQHandler
                0x000000000800108c                CAN1_SCE_IRQHandler
                0x000000000800108c                FLASH_IRQHandler
                0x000000000800108c                DMA2_Stream4_IRQHandler
                0x000000000800108c                USART1_IRQHandler
                0x000000000800108c                OTG_FS_IRQHandler
                0x000000000800108c                SPI3_IRQHandler
                0x000000000800108c                DMA1_Stream4_IRQHandler
                0x000000000800108c                I2C1_ER_IRQHandler
                0x000000000800108c                FMC_IRQHandler
                0x000000000800108c                DMA2_Stream6_IRQHandler
                0x000000000800108c                SAI1_IRQHandler
                0x000000000800108c                DMA1_Stream3_IRQHandler
 *fill*         0x000000000800108e        0x2 
 .text.HAL_Init
                0x0000000008001090       0x44 ./Drivers/STM32F4xx_HAL_Driver/Src/stm32f4xx_hal.o
                0x0000000008001090                HAL_Init
 .text.HAL_InitTick
                0x00000000080010d4       0x60 ./Drivers/STM32F4xx_HAL_Driver/Src/stm32f4xx_hal.o
                0x00000000080010d4                HAL_InitTick
 .text.HAL_IncTick
                0x0000000008001134       0x28 ./Drivers/STM32F4xx_HAL_Driver/Src/stm32f4xx_hal.o
                0x0000000008001134                HAL_IncTick
 .text.HAL_GetTick
                0x000000000800115c       0x18 ./Drivers/STM32F4xx_HAL_Driver/Src/stm32f4xx_hal.o
                0x000000000800115c                HAL_GetTick
 .text.HAL_Delay
                0x0000000008001174       0x48 ./Drivers/STM32F4xx_HAL_Driver/Src/stm32f4xx_hal.o
                0x0000000008001174                HAL_Delay
 .text.__NVIC_SetPriorityGrouping
                0x00000000080011bc       0x48 ./Drivers/STM32F4xx_HAL_Driver/Src/stm32f4xx_hal_cortex.o
 .text.__NVIC_GetPriorityGrouping
                0x0000000008001204       0x1c ./Drivers/STM32F4xx_HAL_Driver/Src/stm32f4xx_hal_cortex.o
 .text.__NVIC_SetPriority
                0x0000000008001220       0x54 ./Drivers/STM32F4xx_HAL_Driver/Src/stm32f4xx_hal_cortex.o
 .text.NVIC_EncodePriority
                0x0000000008001274       0x66 ./Drivers/STM32F4xx_HAL_Driver/Src/stm32f4xx_hal_cortex.o
 *fill*         0x00000000080012da        0x2 
 .text.SysTick_Config
                0x00000000080012dc       0x44 ./Drivers/STM32F4xx_HAL_Driver/Src/stm32f4xx_hal_cortex.o
 .text.HAL_NVIC_SetPriorityGrouping
                0x0000000008001320       0x16 ./Drivers/STM32F4xx_HAL_Driver/Src/stm32f4xx_hal_cortex.o
                0x0000000008001320                HAL_NVIC_SetPriorityGrouping
 .text.HAL_NVIC_SetPriority
                0x0000000008001336       0x38 ./Drivers/STM32F4xx_HAL_Driver/Src/stm32f4xx_hal_cortex.o
                0x0000000008001336                HAL_NVIC_SetPriority
 .text.HAL_SYSTICK_Config
                0x000000000800136e       0x18 ./Drivers/STM32F4xx_HAL_Driver/Src/stm32f4xx_hal_cortex.o
                0x000000000800136e                HAL_SYSTICK_Config
 *fill*         0x0000000008001386        0x2 
 .text.HAL_GPIO_Init
                0x0000000008001388      0x328 ./Drivers/STM32F4xx_HAL_Driver/Src/stm32f4xx_hal_gpio.o
                0x0000000008001388                HAL_GPIO_Init
 .text.HAL_GPIO_WritePin
                0x00000000080016b0       0x32 ./Drivers/STM32F4xx_HAL_Driver/Src/stm32f4xx_hal_gpio.o
                0x00000000080016b0                HAL_GPIO_WritePin
 *fill*         0x00000000080016e2        0x2 
 .text.HAL_PWREx_EnableOverDrive
                0x00000000080016e4       0xa0 ./Drivers/STM32F4xx_HAL_Driver/Src/stm32f4xx_hal_pwr_ex.o
                0x00000000080016e4                HAL_PWREx_EnableOverDrive
 .text.HAL_RCC_ClockConfig
                0x0000000008001784      0x1cc ./Drivers/STM32F4xx_HAL_Driver/Src/stm32f4xx_hal_rcc.o
                0x0000000008001784                HAL_RCC_ClockConfig
 .text.HAL_RCC_GetSysClockFreq
                0x0000000008001950      0x460 ./Drivers/STM32F4xx_HAL_Driver/Src/stm32f4xx_hal_rcc_ex.o
                0x0000000008001950                HAL_RCC_GetSysClockFreq
 .text.HAL_RCC_OscConfig
                0x0000000008001db0      0x4b4 ./Drivers/STM32F4xx_HAL_Driver/Src/stm32f4xx_hal_rcc_ex.o
                0x0000000008001db0                HAL_RCC_OscConfig
 .text.HAL_SPI_Init
                0x0000000008002264       0xc8 ./Drivers/STM32F4xx_HAL_Driver/Src/stm32f4xx_hal_spi.o
                0x0000000008002264                HAL_SPI_Init
 .text.HAL_SPI_Transmit
                0x000000000800232c      0x268 ./Drivers/STM32F4xx_HAL_Driver/Src/stm32f4xx_hal_spi.o
                0x000000000800232c                HAL_SPI_Transmit
 .text.SPI_WaitFlagStateUntilTimeout
                0x0000000008002594       0xd4 ./Drivers/STM32F4xx_HAL_Driver/Src/stm32f4xx_hal_spi.o
 .text.SPI_EndRxTxTransaction
                0x0000000008002668       0x84 ./Drivers/STM32F4xx_HAL_Driver/Src/stm32f4xx_hal_spi.o
 .text.__libc_init_array
                0x00000000080026ec       0x48 c:/st/stm32cubeide_1.10.1/stm32cubeide/plugins/com.st.stm32cube.ide.mcu.externaltools.gnu-tools-for-stm32.10.3-2021.10.win32_1.0.0.202111181127/tools/bin/../lib/gcc/arm-none-eabi/10.3.1/../../../../arm-none-eabi/lib/thumb/v7e-m+fp/hard\libc_nano.a(lib_a-init.o)
                0x00000000080026ec                __libc_init_array
 .text.memset   0x0000000008002734       0x10 c:/st/stm32cubeide_1.10.1/stm32cubeide/plugins/com.st.stm32cube.ide.mcu.externaltools.gnu-tools-for-stm32.10.3-2021.10.win32_1.0.0.202111181127/tools/bin/../lib/gcc/arm-none-eabi/10.3.1/../../../../arm-none-eabi/lib/thumb/v7e-m+fp/hard\libc_nano.a(lib_a-memset.o)
                0x0000000008002734                memset
 *(.glue_7)
 .glue_7        0x0000000008002744        0x0 linker stubs
 *(.glue_7t)
 .glue_7t       0x0000000008002744        0x0 linker stubs
 *(.eh_frame)
 .eh_frame      0x0000000008002744        0x0 c:/st/stm32cubeide_1.10.1/stm32cubeide/plugins/com.st.stm32cube.ide.mcu.externaltools.gnu-tools-for-stm32.10.3-2021.10.win32_1.0.0.202111181127/tools/bin/../lib/gcc/arm-none-eabi/10.3.1/thumb/v7e-m+fp/hard/crtbegin.o
 *(.init)
 .init          0x0000000008002744        0x4 c:/st/stm32cubeide_1.10.1/stm32cubeide/plugins/com.st.stm32cube.ide.mcu.externaltools.gnu-tools-for-stm32.10.3-2021.10.win32_1.0.0.202111181127/tools/bin/../lib/gcc/arm-none-eabi/10.3.1/thumb/v7e-m+fp/hard/crti.o
                0x0000000008002744                _init
 .init          0x0000000008002748        0x8 c:/st/stm32cubeide_1.10.1/stm32cubeide/plugins/com.st.stm32cube.ide.mcu.externaltools.gnu-tools-for-stm32.10.3-2021.10.win32_1.0.0.202111181127/tools/bin/../lib/gcc/arm-none-eabi/10.3.1/thumb/v7e-m+fp/hard/crtn.o
 *(.fini)
 .fini          0x0000000008002750        0x4 c:/st/stm32cubeide_1.10.1/stm32cubeide/plugins/com.st.stm32cube.ide.mcu.externaltools.gnu-tools-for-stm32.10.3-2021.10.win32_1.0.0.202111181127/tools/bin/../lib/gcc/arm-none-eabi/10.3.1/thumb/v7e-m+fp/hard/crti.o
                0x0000000008002750                _fini
 .fini          0x0000000008002754        0x8 c:/st/stm32cubeide_1.10.1/stm32cubeide/plugins/com.st.stm32cube.ide.mcu.externaltools.gnu-tools-for-stm32.10.3-2021.10.win32_1.0.0.202111181127/tools/bin/../lib/gcc/arm-none-eabi/10.3.1/thumb/v7e-m+fp/hard/crtn.o
                0x000000000800275c                . = ALIGN (0x4)
                0x000000000800275c                _etext = .

.vfp11_veneer   0x000000000800275c        0x0
 .vfp11_veneer  0x000000000800275c        0x0 linker stubs

.v4_bx          0x000000000800275c        0x0
 .v4_bx         0x000000000800275c        0x0 linker stubs

.iplt           0x000000000800275c        0x0
 .iplt          0x000000000800275c        0x0 c:/st/stm32cubeide_1.10.1/stm32cubeide/plugins/com.st.stm32cube.ide.mcu.externaltools.gnu-tools-for-stm32.10.3-2021.10.win32_1.0.0.202111181127/tools/bin/../lib/gcc/arm-none-eabi/10.3.1/thumb/v7e-m+fp/hard/crtbegin.o

.rodata         0x000000000800275c     0x2154
                0x000000000800275c                . = ALIGN (0x4)
 *(.rodata)
 .rodata        0x000000000800275c       0x28 ./Core/Src/main.o
 *(.rodata*)
 .rodata.init_cmds1
                0x0000000008002784       0x38 ./Core/Src/ST7735.o
                0x0000000008002784                init_cmds1
 .rodata.init_cmds2
                0x00000000080027bc        0xd ./Core/Src/ST7735.o
                0x00000000080027bc                init_cmds2
 *fill*         0x00000000080027c9        0x3 
 .rodata.init_cmds3
                0x00000000080027cc       0x2b ./Core/Src/ST7735.o
                0x00000000080027cc                init_cmds3
 *fill*         0x00000000080027f7        0x1 
 .rodata.Font11x18
                0x00000000080027f8      0xd5c ./Core/Src/fonts.o
 .rodata.Font16x26
                0x0000000008003554     0x134c ./Core/Src/fonts.o
 .rodata.AHBPrescTable
                0x00000000080048a0       0x10 ./Core/Src/system_stm32f4xx.o
                0x00000000080048a0                AHBPrescTable
                0x00000000080048b0                . = ALIGN (0x4)

.ARM.extab      0x00000000080048b0        0x0
                0x00000000080048b0                . = ALIGN (0x4)
 *(.ARM.extab* .gnu.linkonce.armextab.*)
                0x00000000080048b0                . = ALIGN (0x4)

.ARM            0x00000000080048b0        0x8
                0x00000000080048b0                . = ALIGN (0x4)
                0x00000000080048b0                __exidx_start = .
 *(.ARM.exidx*)
 .ARM.exidx     0x00000000080048b0        0x8 c:/st/stm32cubeide_1.10.1/stm32cubeide/plugins/com.st.stm32cube.ide.mcu.externaltools.gnu-tools-for-stm32.10.3-2021.10.win32_1.0.0.202111181127/tools/bin/../lib/gcc/arm-none-eabi/10.3.1/thumb/v7e-m+fp/hard\libgcc.a(_udivmoddi4.o)
                0x00000000080048b8                __exidx_end = .
                0x00000000080048b8                . = ALIGN (0x4)

.rel.dyn        0x00000000080048b8        0x0
 .rel.iplt      0x00000000080048b8        0x0 c:/st/stm32cubeide_1.10.1/stm32cubeide/plugins/com.st.stm32cube.ide.mcu.externaltools.gnu-tools-for-stm32.10.3-2021.10.win32_1.0.0.202111181127/tools/bin/../lib/gcc/arm-none-eabi/10.3.1/thumb/v7e-m+fp/hard/crtbegin.o

.preinit_array  0x00000000080048b8        0x0
                0x00000000080048b8                . = ALIGN (0x4)
                0x00000000080048b8                PROVIDE (__preinit_array_start = .)
 *(.preinit_array*)
                0x00000000080048b8                PROVIDE (__preinit_array_end = .)
                0x00000000080048b8                . = ALIGN (0x4)

.init_array     0x00000000080048b8        0x4
                0x00000000080048b8                . = ALIGN (0x4)
                0x00000000080048b8                PROVIDE (__init_array_start = .)
 *(SORT_BY_NAME(.init_array.*))
 *(.init_array*)
 .init_array    0x00000000080048b8        0x4 c:/st/stm32cubeide_1.10.1/stm32cubeide/plugins/com.st.stm32cube.ide.mcu.externaltools.gnu-tools-for-stm32.10.3-2021.10.win32_1.0.0.202111181127/tools/bin/../lib/gcc/arm-none-eabi/10.3.1/thumb/v7e-m+fp/hard/crtbegin.o
                0x00000000080048bc                PROVIDE (__init_array_end = .)
                0x00000000080048bc                . = ALIGN (0x4)

.fini_array     0x00000000080048bc        0x4
                0x00000000080048bc                . = ALIGN (0x4)
                [!provide]                        PROVIDE (__fini_array_start = .)
 *(SORT_BY_NAME(.fini_array.*))
 *(.fini_array*)
 .fini_array    0x00000000080048bc        0x4 c:/st/stm32cubeide_1.10.1/stm32cubeide/plugins/com.st.stm32cube.ide.mcu.externaltools.gnu-tools-for-stm32.10.3-2021.10.win32_1.0.0.202111181127/tools/bin/../lib/gcc/arm-none-eabi/10.3.1/thumb/v7e-m+fp/hard/crtbegin.o
                [!provide]                        PROVIDE (__fini_array_end = .)
                0x00000000080048c0                . = ALIGN (0x4)
                0x00000000080048c0                _sidata = LOADADDR (.data)

.data           0x0000000020000000       0x1c load address 0x00000000080048c0
                0x0000000020000000                . = ALIGN (0x4)
                0x0000000020000000                _sdata = .
 *(.data)
 *(.data*)
 .data.Font_11x18
                0x0000000020000000        0x8 ./Core/Src/fonts.o
                0x0000000020000000                Font_11x18
 .data.Font_16x26
                0x0000000020000008        0x8 ./Core/Src/fonts.o
                0x0000000020000008                Font_16x26
 .data.SystemCoreClock
                0x0000000020000010        0x4 ./Core/Src/system_stm32f4xx.o
                0x0000000020000010                SystemCoreClock
 .data.uwTickPrio
                0x0000000020000014        0x4 ./Drivers/STM32F4xx_HAL_Driver/Src/stm32f4xx_hal.o
                0x0000000020000014                uwTickPrio
 .data.uwTickFreq
                0x0000000020000018        0x1 ./Drivers/STM32F4xx_HAL_Driver/Src/stm32f4xx_hal.o
                0x0000000020000018                uwTickFreq
                0x000000002000001c                . = ALIGN (0x4)
 *fill*         0x0000000020000019        0x3 
                0x000000002000001c                _edata = .

.igot.plt       0x000000002000001c        0x0 load address 0x00000000080048dc
 .igot.plt      0x000000002000001c        0x0 c:/st/stm32cubeide_1.10.1/stm32cubeide/plugins/com.st.stm32cube.ide.mcu.externaltools.gnu-tools-for-stm32.10.3-2021.10.win32_1.0.0.202111181127/tools/bin/../lib/gcc/arm-none-eabi/10.3.1/thumb/v7e-m+fp/hard/crtbegin.o
                0x000000002000001c                . = ALIGN (0x4)

.bss            0x000000002000001c       0x84 load address 0x00000000080048dc
                0x000000002000001c                _sbss = .
                0x000000002000001c                __bss_start__ = _sbss
 *(.bss)
 .bss           0x000000002000001c       0x1c c:/st/stm32cubeide_1.10.1/stm32cubeide/plugins/com.st.stm32cube.ide.mcu.externaltools.gnu-tools-for-stm32.10.3-2021.10.win32_1.0.0.202111181127/tools/bin/../lib/gcc/arm-none-eabi/10.3.1/thumb/v7e-m+fp/hard/crtbegin.o
 *(.bss*)
 .bss._width    0x0000000020000038        0x2 ./Core/Src/GFX_FUNCTIONS.o
                0x0000000020000038                _width
 .bss._height   0x000000002000003a        0x2 ./Core/Src/GFX_FUNCTIONS.o
                0x000000002000003a                _height
 .bss.rotation  0x000000002000003c        0x1 ./Core/Src/GFX_FUNCTIONS.o
                0x000000002000003c                rotation
 .bss._colstart
                0x000000002000003d        0x1 ./Core/Src/GFX_FUNCTIONS.o
                0x000000002000003d                _colstart
 .bss._rowstart
                0x000000002000003e        0x1 ./Core/Src/GFX_FUNCTIONS.o
                0x000000002000003e                _rowstart
 .bss._xstart   0x000000002000003f        0x1 ./Core/Src/GFX_FUNCTIONS.o
                0x000000002000003f                _xstart
 .bss._ystart   0x0000000020000040        0x1 ./Core/Src/GFX_FUNCTIONS.o
                0x0000000020000040                _ystart
 *fill*         0x0000000020000041        0x3 
 .bss.hspi1     0x0000000020000044       0x58 ./Core/Src/main.o
                0x0000000020000044                hspi1
 .bss.uwTick    0x000000002000009c        0x4 ./Drivers/STM32F4xx_HAL_Driver/Src/stm32f4xx_hal.o
                0x000000002000009c                uwTick
 *(COMMON)
                0x00000000200000a0                . = ALIGN (0x4)
                0x00000000200000a0                _ebss = .
                0x00000000200000a0                __bss_end__ = _ebss

._user_heap_stack
                0x00000000200000a0      0x600 load address 0x00000000080048dc
                0x00000000200000a0                . = ALIGN (0x8)
                [!provide]                        PROVIDE (end = .)
                0x00000000200000a0                PROVIDE (_end = .)
                0x00000000200002a0                . = (. + _Min_Heap_Size)
 *fill*         0x00000000200000a0      0x200 
                0x00000000200006a0                . = (. + _Min_Stack_Size)
 *fill*         0x00000000200002a0      0x400 
                0x00000000200006a0                . = ALIGN (0x8)

/DISCARD/
 libc.a(*)
 libm.a(*)
 libgcc.a(*)

.ARM.attributes
                0x0000000000000000       0x30
 *(.ARM.attributes)
 .ARM.attributes
                0x0000000000000000       0x1e c:/st/stm32cubeide_1.10.1/stm32cubeide/plugins/com.st.stm32cube.ide.mcu.externaltools.gnu-tools-for-stm32.10.3-2021.10.win32_1.0.0.202111181127/tools/bin/../lib/gcc/arm-none-eabi/10.3.1/thumb/v7e-m+fp/hard/crti.o
 .ARM.attributes
                0x000000000000001e       0x34 c:/st/stm32cubeide_1.10.1/stm32cubeide/plugins/com.st.stm32cube.ide.mcu.externaltools.gnu-tools-for-stm32.10.3-2021.10.win32_1.0.0.202111181127/tools/bin/../lib/gcc/arm-none-eabi/10.3.1/thumb/v7e-m+fp/hard/crtbegin.o
 .ARM.attributes
                0x0000000000000052       0x34 ./Core/Src/GFX_FUNCTIONS.o
 .ARM.attributes
                0x0000000000000086       0x34 ./Core/Src/ST7735.o
 .ARM.attributes
                0x00000000000000ba       0x34 ./Core/Src/fonts.o
 .ARM.attributes
                0x00000000000000ee       0x34 ./Core/Src/main.o
 .ARM.attributes
                0x0000000000000122       0x34 ./Core/Src/stm32f4xx_hal_msp.o
 .ARM.attributes
                0x0000000000000156       0x34 ./Core/Src/stm32f4xx_it.o
 .ARM.attributes
                0x000000000000018a       0x34 ./Core/Src/system_stm32f4xx.o
 .ARM.attributes
                0x00000000000001be       0x21 ./Core/Startup/startup_stm32f446retx.o
 .ARM.attributes
                0x00000000000001df       0x34 ./Drivers/STM32F4xx_HAL_Driver/Src/stm32f4xx_hal.o
 .ARM.attributes
                0x0000000000000213       0x34 ./Drivers/STM32F4xx_HAL_Driver/Src/stm32f4xx_hal_cortex.o
 .ARM.attributes
                0x0000000000000247       0x34 ./Drivers/STM32F4xx_HAL_Driver/Src/stm32f4xx_hal_gpio.o
 .ARM.attributes
                0x000000000000027b       0x34 ./Drivers/STM32F4xx_HAL_Driver/Src/stm32f4xx_hal_pwr_ex.o
 .ARM.attributes
                0x00000000000002af       0x34 ./Drivers/STM32F4xx_HAL_Driver/Src/stm32f4xx_hal_rcc.o
 .ARM.attributes
                0x00000000000002e3       0x34 ./Drivers/STM32F4xx_HAL_Driver/Src/stm32f4xx_hal_rcc_ex.o
 .ARM.attributes
                0x0000000000000317       0x34 ./Drivers/STM32F4xx_HAL_Driver/Src/stm32f4xx_hal_spi.o
 .ARM.attributes
                0x000000000000034b       0x34 c:/st/stm32cubeide_1.10.1/stm32cubeide/plugins/com.st.stm32cube.ide.mcu.externaltools.gnu-tools-for-stm32.10.3-2021.10.win32_1.0.0.202111181127/tools/bin/../lib/gcc/arm-none-eabi/10.3.1/../../../../arm-none-eabi/lib/thumb/v7e-m+fp/hard\libc_nano.a(lib_a-init.o)
 .ARM.attributes
                0x000000000000037f       0x34 c:/st/stm32cubeide_1.10.1/stm32cubeide/plugins/com.st.stm32cube.ide.mcu.externaltools.gnu-tools-for-stm32.10.3-2021.10.win32_1.0.0.202111181127/tools/bin/../lib/gcc/arm-none-eabi/10.3.1/../../../../arm-none-eabi/lib/thumb/v7e-m+fp/hard\libc_nano.a(lib_a-memset.o)
 .ARM.attributes
                0x00000000000003b3       0x1e c:/st/stm32cubeide_1.10.1/stm32cubeide/plugins/com.st.stm32cube.ide.mcu.externaltools.gnu-tools-for-stm32.10.3-2021.10.win32_1.0.0.202111181127/tools/bin/../lib/gcc/arm-none-eabi/10.3.1/thumb/v7e-m+fp/hard\libgcc.a(_aeabi_uldivmod.o)
 .ARM.attributes
                0x00000000000003d1       0x34 c:/st/stm32cubeide_1.10.1/stm32cubeide/plugins/com.st.stm32cube.ide.mcu.externaltools.gnu-tools-for-stm32.10.3-2021.10.win32_1.0.0.202111181127/tools/bin/../lib/gcc/arm-none-eabi/10.3.1/thumb/v7e-m+fp/hard\libgcc.a(_udivmoddi4.o)
 .ARM.attributes
                0x0000000000000405       0x1e c:/st/stm32cubeide_1.10.1/stm32cubeide/plugins/com.st.stm32cube.ide.mcu.externaltools.gnu-tools-for-stm32.10.3-2021.10.win32_1.0.0.202111181127/tools/bin/../lib/gcc/arm-none-eabi/10.3.1/thumb/v7e-m+fp/hard\libgcc.a(_dvmd_tls.o)
 .ARM.attributes
                0x0000000000000423       0x1e c:/st/stm32cubeide_1.10.1/stm32cubeide/plugins/com.st.stm32cube.ide.mcu.externaltools.gnu-tools-for-stm32.10.3-2021.10.win32_1.0.0.202111181127/tools/bin/../lib/gcc/arm-none-eabi/10.3.1/thumb/v7e-m+fp/hard/crtn.o
OUTPUT(TUT_ST7735_F4.elf elf32-littlearm)
LOAD linker stubs
LOAD c:/st/stm32cubeide_1.10.1/stm32cubeide/plugins/com.st.stm32cube.ide.mcu.externaltools.gnu-tools-for-stm32.10.3-2021.10.win32_1.0.0.202111181127/tools/bin/../lib/gcc/arm-none-eabi/10.3.1/../../../../arm-none-eabi/lib/thumb/v7e-m+fp/hard\libc.a
LOAD c:/st/stm32cubeide_1.10.1/stm32cubeide/plugins/com.st.stm32cube.ide.mcu.externaltools.gnu-tools-for-stm32.10.3-2021.10.win32_1.0.0.202111181127/tools/bin/../lib/gcc/arm-none-eabi/10.3.1/../../../../arm-none-eabi/lib/thumb/v7e-m+fp/hard\libm.a
LOAD c:/st/stm32cubeide_1.10.1/stm32cubeide/plugins/com.st.stm32cube.ide.mcu.externaltools.gnu-tools-for-stm32.10.3-2021.10.win32_1.0.0.202111181127/tools/bin/../lib/gcc/arm-none-eabi/10.3.1/thumb/v7e-m+fp/hard\libgcc.a

.debug_info     0x0000000000000000     0x8edd
 .debug_info    0x0000000000000000      0xfbf ./Core/Src/GFX_FUNCTIONS.o
 .debug_info    0x0000000000000fbf      0xd40 ./Core/Src/ST7735.o
 .debug_info    0x0000000000001cff      0x1ae ./Core/Src/fonts.o
 .debug_info    0x0000000000001ead      0xe4a ./Core/Src/main.o
 .debug_info    0x0000000000002cf7      0x9ee ./Core/Src/stm32f4xx_hal_msp.o
 .debug_info    0x00000000000036e5      0x121 ./Core/Src/stm32f4xx_it.o
 .debug_info    0x0000000000003806      0x55b ./Core/Src/system_stm32f4xx.o
 .debug_info    0x0000000000003d61       0x22 ./Core/Startup/startup_stm32f446retx.o
 .debug_info    0x0000000000003d83      0x9d2 ./Drivers/STM32F4xx_HAL_Driver/Src/stm32f4xx_hal.o
 .debug_info    0x0000000000004755      0xe39 ./Drivers/STM32F4xx_HAL_Driver/Src/stm32f4xx_hal_cortex.o
 .debug_info    0x000000000000558e      0x7ae ./Drivers/STM32F4xx_HAL_Driver/Src/stm32f4xx_hal_gpio.o
 .debug_info    0x0000000000005d3c      0x702 ./Drivers/STM32F4xx_HAL_Driver/Src/stm32f4xx_hal_pwr_ex.o
 .debug_info    0x000000000000643e      0x9ab ./Drivers/STM32F4xx_HAL_Driver/Src/stm32f4xx_hal_rcc.o
 .debug_info    0x0000000000006de9      0x9dc ./Drivers/STM32F4xx_HAL_Driver/Src/stm32f4xx_hal_rcc_ex.o
 .debug_info    0x00000000000077c5     0x1718 ./Drivers/STM32F4xx_HAL_Driver/Src/stm32f4xx_hal_spi.o

.debug_abbrev   0x0000000000000000     0x19c5
 .debug_abbrev  0x0000000000000000      0x1a5 ./Core/Src/GFX_FUNCTIONS.o
 .debug_abbrev  0x00000000000001a5      0x247 ./Core/Src/ST7735.o
 .debug_abbrev  0x00000000000003ec       0xad ./Core/Src/fonts.o
 .debug_abbrev  0x0000000000000499      0x239 ./Core/Src/main.o
 .debug_abbrev  0x00000000000006d2      0x194 ./Core/Src/stm32f4xx_hal_msp.o
 .debug_abbrev  0x0000000000000866       0x74 ./Core/Src/stm32f4xx_it.o
 .debug_abbrev  0x00000000000008da      0x116 ./Core/Src/system_stm32f4xx.o
 .debug_abbrev  0x00000000000009f0       0x12 ./Core/Startup/startup_stm32f446retx.o
 .debug_abbrev  0x0000000000000a02      0x20d ./Drivers/STM32F4xx_HAL_Driver/Src/stm32f4xx_hal.o
 .debug_abbrev  0x0000000000000c0f      0x316 ./Drivers/STM32F4xx_HAL_Driver/Src/stm32f4xx_hal_cortex.o
 .debug_abbrev  0x0000000000000f25      0x1c4 ./Drivers/STM32F4xx_HAL_Driver/Src/stm32f4xx_hal_gpio.o
 .debug_abbrev  0x00000000000010e9      0x1c9 ./Drivers/STM32F4xx_HAL_Driver/Src/stm32f4xx_hal_pwr_ex.o
 .debug_abbrev  0x00000000000012b2      0x2aa ./Drivers/STM32F4xx_HAL_Driver/Src/stm32f4xx_hal_rcc.o
 .debug_abbrev  0x000000000000155c      0x1fb ./Drivers/STM32F4xx_HAL_Driver/Src/stm32f4xx_hal_rcc_ex.o
 .debug_abbrev  0x0000000000001757      0x26e ./Drivers/STM32F4xx_HAL_Driver/Src/stm32f4xx_hal_spi.o

.debug_aranges  0x0000000000000000      0x858
 .debug_aranges
                0x0000000000000000      0x100 ./Core/Src/GFX_FUNCTIONS.o
 .debug_aranges
                0x0000000000000100       0x90 ./Core/Src/ST7735.o
 .debug_aranges
                0x0000000000000190       0x18 ./Core/Src/fonts.o
 .debug_aranges
                0x00000000000001a8       0x40 ./Core/Src/main.o
 .debug_aranges
                0x00000000000001e8       0x30 ./Core/Src/stm32f4xx_hal_msp.o
 .debug_aranges
                0x0000000000000218       0x60 ./Core/Src/stm32f4xx_it.o
 .debug_aranges
                0x0000000000000278       0x28 ./Core/Src/system_stm32f4xx.o
 .debug_aranges
                0x00000000000002a0       0x28 ./Core/Startup/startup_stm32f446retx.o
 .debug_aranges
                0x00000000000002c8       0xf0 ./Drivers/STM32F4xx_HAL_Driver/Src/stm32f4xx_hal.o
 .debug_aranges
                0x00000000000003b8      0x118 ./Drivers/STM32F4xx_HAL_Driver/Src/stm32f4xx_hal_cortex.o
 .debug_aranges
                0x00000000000004d0       0x58 ./Drivers/STM32F4xx_HAL_Driver/Src/stm32f4xx_hal_gpio.o
 .debug_aranges
                0x0000000000000528       0x60 ./Drivers/STM32F4xx_HAL_Driver/Src/stm32f4xx_hal_pwr_ex.o
 .debug_aranges
                0x0000000000000588       0x88 ./Drivers/STM32F4xx_HAL_Driver/Src/stm32f4xx_hal_rcc.o
 .debug_aranges
                0x0000000000000610       0x78 ./Drivers/STM32F4xx_HAL_Driver/Src/stm32f4xx_hal_rcc_ex.o
 .debug_aranges
                0x0000000000000688      0x1d0 ./Drivers/STM32F4xx_HAL_Driver/Src/stm32f4xx_hal_spi.o

.debug_ranges   0x0000000000000000      0x768
 .debug_ranges  0x0000000000000000       0xf0 ./Core/Src/GFX_FUNCTIONS.o
 .debug_ranges  0x00000000000000f0       0x80 ./Core/Src/ST7735.o
 .debug_ranges  0x0000000000000170       0x30 ./Core/Src/main.o
 .debug_ranges  0x00000000000001a0       0x20 ./Core/Src/stm32f4xx_hal_msp.o
 .debug_ranges  0x00000000000001c0       0x50 ./Core/Src/stm32f4xx_it.o
 .debug_ranges  0x0000000000000210       0x18 ./Core/Src/system_stm32f4xx.o
 .debug_ranges  0x0000000000000228       0x20 ./Core/Startup/startup_stm32f446retx.o
 .debug_ranges  0x0000000000000248       0xe0 ./Drivers/STM32F4xx_HAL_Driver/Src/stm32f4xx_hal.o
 .debug_ranges  0x0000000000000328      0x108 ./Drivers/STM32F4xx_HAL_Driver/Src/stm32f4xx_hal_cortex.o
 .debug_ranges  0x0000000000000430       0x48 ./Drivers/STM32F4xx_HAL_Driver/Src/stm32f4xx_hal_gpio.o
 .debug_ranges  0x0000000000000478       0x50 ./Drivers/STM32F4xx_HAL_Driver/Src/stm32f4xx_hal_pwr_ex.o
 .debug_ranges  0x00000000000004c8       0x78 ./Drivers/STM32F4xx_HAL_Driver/Src/stm32f4xx_hal_rcc.o
 .debug_ranges  0x0000000000000540       0x68 ./Drivers/STM32F4xx_HAL_Driver/Src/stm32f4xx_hal_rcc_ex.o
 .debug_ranges  0x00000000000005a8      0x1c0 ./Drivers/STM32F4xx_HAL_Driver/Src/stm32f4xx_hal_spi.o

.debug_macro    0x0000000000000000    0x20f9d
 .debug_macro   0x0000000000000000      0x2b4 ./Core/Src/GFX_FUNCTIONS.o
 .debug_macro   0x00000000000002b4      0xa78 ./Core/Src/GFX_FUNCTIONS.o
 .debug_macro   0x0000000000000d2c       0x22 ./Core/Src/GFX_FUNCTIONS.o
 .debug_macro   0x0000000000000d4e       0x8e ./Core/Src/GFX_FUNCTIONS.o
 .debug_macro   0x0000000000000ddc       0x51 ./Core/Src/GFX_FUNCTIONS.o
 .debug_macro   0x0000000000000e2d      0x103 ./Core/Src/GFX_FUNCTIONS.o
 .debug_macro   0x0000000000000f30       0x6a ./Core/Src/GFX_FUNCTIONS.o
 .debug_macro   0x0000000000000f9a      0x1df ./Core/Src/GFX_FUNCTIONS.o
 .debug_macro   0x0000000000001179      0x28e ./Core/Src/GFX_FUNCTIONS.o
 .debug_macro   0x0000000000001407       0x2e ./Core/Src/GFX_FUNCTIONS.o
 .debug_macro   0x0000000000001435       0x28 ./Core/Src/GFX_FUNCTIONS.o
 .debug_macro   0x000000000000145d       0x1c ./Core/Src/GFX_FUNCTIONS.o
 .debug_macro   0x0000000000001479       0x22 ./Core/Src/GFX_FUNCTIONS.o
 .debug_macro   0x000000000000149b       0xd9 ./Core/Src/GFX_FUNCTIONS.o
 .debug_macro   0x0000000000001574     0x102d ./Core/Src/GFX_FUNCTIONS.o
 .debug_macro   0x00000000000025a1      0x11f ./Core/Src/GFX_FUNCTIONS.o
 .debug_macro   0x00000000000026c0    0x1672d ./Core/Src/GFX_FUNCTIONS.o
 .debug_macro   0x0000000000018ded       0x43 ./Core/Src/GFX_FUNCTIONS.o
 .debug_macro   0x0000000000018e30     0x3659 ./Core/Src/GFX_FUNCTIONS.o
 .debug_macro   0x000000000001c489      0x174 ./Core/Src/GFX_FUNCTIONS.o
 .debug_macro   0x000000000001c5fd       0x5a ./Core/Src/GFX_FUNCTIONS.o
 .debug_macro   0x000000000001c657      0xc90 ./Core/Src/GFX_FUNCTIONS.o
 .debug_macro   0x000000000001d2e7      0x9fe ./Core/Src/GFX_FUNCTIONS.o
 .debug_macro   0x000000000001dce5      0x117 ./Core/Src/GFX_FUNCTIONS.o
 .debug_macro   0x000000000001ddfc      0x1a0 ./Core/Src/GFX_FUNCTIONS.o
 .debug_macro   0x000000000001df9c       0x27 ./Core/Src/GFX_FUNCTIONS.o
 .debug_macro   0x000000000001dfc3      0x16d ./Core/Src/GFX_FUNCTIONS.o
 .debug_macro   0x000000000001e130      0x287 ./Core/Src/GFX_FUNCTIONS.o
 .debug_macro   0x000000000001e3b7       0x5f ./Core/Src/GFX_FUNCTIONS.o
 .debug_macro   0x000000000001e416      0x236 ./Core/Src/GFX_FUNCTIONS.o
 .debug_macro   0x000000000001e64c      0x132 ./Core/Src/GFX_FUNCTIONS.o
 .debug_macro   0x000000000001e77e      0x29c ./Core/Src/GFX_FUNCTIONS.o
 .debug_macro   0x000000000001ea1a       0x2e ./Core/Src/GFX_FUNCTIONS.o
 .debug_macro   0x000000000001ea48      0x11a ./Core/Src/GFX_FUNCTIONS.o
 .debug_macro   0x000000000001eb62       0xe8 ./Core/Src/GFX_FUNCTIONS.o
 .debug_macro   0x000000000001ec4a       0x89 ./Core/Src/GFX_FUNCTIONS.o
 .debug_macro   0x000000000001ecd3      0x225 ./Core/Src/GFX_FUNCTIONS.o
 .debug_macro   0x000000000001eef8      0x126 ./Core/Src/GFX_FUNCTIONS.o
 .debug_macro   0x000000000001f01e       0x22 ./Core/Src/GFX_FUNCTIONS.o
 .debug_macro   0x000000000001f040      0x184 ./Core/Src/GFX_FUNCTIONS.o
 .debug_macro   0x000000000001f1c4       0x1e ./Core/Src/GFX_FUNCTIONS.o
 .debug_macro   0x000000000001f1e2       0x52 ./Core/Src/GFX_FUNCTIONS.o
 .debug_macro   0x000000000001f234       0x3c ./Core/Src/GFX_FUNCTIONS.o
 .debug_macro   0x000000000001f270       0x34 ./Core/Src/GFX_FUNCTIONS.o
 .debug_macro   0x000000000001f2a4       0x16 ./Core/Src/GFX_FUNCTIONS.o
 .debug_macro   0x000000000001f2ba       0x35 ./Core/Src/GFX_FUNCTIONS.o
 .debug_macro   0x000000000001f2ef       0x16 ./Core/Src/GFX_FUNCTIONS.o
 .debug_macro   0x000000000001f305       0x43 ./Core/Src/GFX_FUNCTIONS.o
 .debug_macro   0x000000000001f348       0x34 ./Core/Src/GFX_FUNCTIONS.o
 .debug_macro   0x000000000001f37c       0x10 ./Core/Src/GFX_FUNCTIONS.o
 .debug_macro   0x000000000001f38c       0x58 ./Core/Src/GFX_FUNCTIONS.o
 .debug_macro   0x000000000001f3e4       0x71 ./Core/Src/GFX_FUNCTIONS.o
 .debug_macro   0x000000000001f455       0x1c ./Core/Src/GFX_FUNCTIONS.o
 .debug_macro   0x000000000001f471      0x12a ./Core/Src/GFX_FUNCTIONS.o
 .debug_macro   0x000000000001f59b      0x341 ./Core/Src/GFX_FUNCTIONS.o
 .debug_macro   0x000000000001f8dc       0x16 ./Core/Src/GFX_FUNCTIONS.o
 .debug_macro   0x000000000001f8f2       0x29 ./Core/Src/GFX_FUNCTIONS.o
 .debug_macro   0x000000000001f91b      0x1dc ./Core/Src/ST7735.o
 .debug_macro   0x000000000001faf7       0x6d ./Core/Src/fonts.o
 .debug_macro   0x000000000001fb64      0x1f0 ./Core/Src/main.o
 .debug_macro   0x000000000001fd54      0x1c4 ./Core/Src/stm32f4xx_hal_msp.o
 .debug_macro   0x000000000001ff18      0x1ce ./Core/Src/stm32f4xx_it.o
 .debug_macro   0x00000000000200e6      0x1c0 ./Core/Src/system_stm32f4xx.o
 .debug_macro   0x00000000000202a6      0x21a ./Drivers/STM32F4xx_HAL_Driver/Src/stm32f4xx_hal.o
 .debug_macro   0x00000000000204c0      0x1ba ./Drivers/STM32F4xx_HAL_Driver/Src/stm32f4xx_hal_cortex.o
 .debug_macro   0x000000000002067a      0x1f0 ./Drivers/STM32F4xx_HAL_Driver/Src/stm32f4xx_hal_gpio.o
 .debug_macro   0x000000000002086a      0x1d2 ./Drivers/STM32F4xx_HAL_Driver/Src/stm32f4xx_hal_pwr_ex.o
 .debug_macro   0x0000000000020a3c      0x1de ./Drivers/STM32F4xx_HAL_Driver/Src/stm32f4xx_hal_rcc.o
 .debug_macro   0x0000000000020c1a      0x1ba ./Drivers/STM32F4xx_HAL_Driver/Src/stm32f4xx_hal_rcc_ex.o
 .debug_macro   0x0000000000020dd4      0x1c9 ./Drivers/STM32F4xx_HAL_Driver/Src/stm32f4xx_hal_spi.o

.debug_line     0x0000000000000000     0xa4e2
 .debug_line    0x0000000000000000     0x146c ./Core/Src/GFX_FUNCTIONS.o
 .debug_line    0x000000000000146c      0xa8f ./Core/Src/ST7735.o
 .debug_line    0x0000000000001efb      0x37f ./Core/Src/fonts.o
 .debug_line    0x000000000000227a      0x807 ./Core/Src/main.o
 .debug_line    0x0000000000002a81      0x6d7 ./Core/Src/stm32f4xx_hal_msp.o
 .debug_line    0x0000000000003158      0x746 ./Core/Src/stm32f4xx_it.o
 .debug_line    0x000000000000389e      0x711 ./Core/Src/system_stm32f4xx.o
 .debug_line    0x0000000000003faf       0x85 ./Core/Startup/startup_stm32f446retx.o
 .debug_line    0x0000000000004034      0x971 ./Drivers/STM32F4xx_HAL_Driver/Src/stm32f4xx_hal.o
 .debug_line    0x00000000000049a5      0xc20 ./Drivers/STM32F4xx_HAL_Driver/Src/stm32f4xx_hal_cortex.o
 .debug_line    0x00000000000055c5      0xae5 ./Drivers/STM32F4xx_HAL_Driver/Src/stm32f4xx_hal_gpio.o
 .debug_line    0x00000000000060aa      0x8a0 ./Drivers/STM32F4xx_HAL_Driver/Src/stm32f4xx_hal_pwr_ex.o
 .debug_line    0x000000000000694a      0xcd6 ./Drivers/STM32F4xx_HAL_Driver/Src/stm32f4xx_hal_rcc.o
 .debug_line    0x0000000000007620     0x1314 ./Drivers/STM32F4xx_HAL_Driver/Src/stm32f4xx_hal_rcc_ex.o
 .debug_line    0x0000000000008934     0x1bae ./Drivers/STM32F4xx_HAL_Driver/Src/stm32f4xx_hal_spi.o

.debug_str      0x0000000000000000    0xc69ba
 .debug_str     0x0000000000000000    0xc41a6 ./Core/Src/GFX_FUNCTIONS.o
                                      0xc4467 (size before relaxing)
 .debug_str     0x00000000000c41a6      0x600 ./Core/Src/ST7735.o
                                      0xc19cf (size before relaxing)
 .debug_str     0x00000000000c47a6       0x51 ./Core/Src/fonts.o
                                       0x3c7d (size before relaxing)
 .debug_str     0x00000000000c47f7      0x330 ./Core/Src/main.o
                                      0xc1bd7 (size before relaxing)
 .debug_str     0x00000000000c4b27       0x63 ./Core/Src/stm32f4xx_hal_msp.o
                                      0xc13ec (size before relaxing)
 .debug_str     0x00000000000c4b8a       0xc9 ./Core/Src/stm32f4xx_it.o
                                      0xc0e52 (size before relaxing)
 .debug_str     0x00000000000c4c53       0xf0 ./Core/Src/system_stm32f4xx.o
                                      0xc0fb6 (size before relaxing)
 .debug_str     0x00000000000c4d43       0x36 ./Core/Startup/startup_stm32f446retx.o
                                         0x75 (size before relaxing)
 .debug_str     0x00000000000c4d79      0xb2e ./Drivers/STM32F4xx_HAL_Driver/Src/stm32f4xx_hal.o
                                      0xc1b66 (size before relaxing)
 .debug_str     0x00000000000c58a7      0x34a ./Drivers/STM32F4xx_HAL_Driver/Src/stm32f4xx_hal_cortex.o
                                      0xc1874 (size before relaxing)
 .debug_str     0x00000000000c5bf1      0x1ce ./Drivers/STM32F4xx_HAL_Driver/Src/stm32f4xx_hal_gpio.o
                                      0xc11c9 (size before relaxing)
 .debug_str     0x00000000000c5dbf      0x135 ./Drivers/STM32F4xx_HAL_Driver/Src/stm32f4xx_hal_pwr_ex.o
                                      0xc1179 (size before relaxing)
 .debug_str     0x00000000000c5ef4      0x233 ./Drivers/STM32F4xx_HAL_Driver/Src/stm32f4xx_hal_rcc.o
                                      0xc13da (size before relaxing)
 .debug_str     0x00000000000c6127      0x31c ./Drivers/STM32F4xx_HAL_Driver/Src/stm32f4xx_hal_rcc_ex.o
                                      0xc1402 (size before relaxing)
 .debug_str     0x00000000000c6443      0x577 ./Drivers/STM32F4xx_HAL_Driver/Src/stm32f4xx_hal_spi.o
                                      0xc181f (size before relaxing)

.comment        0x0000000000000000       0x50
 .comment       0x0000000000000000       0x50 ./Core/Src/GFX_FUNCTIONS.o
                                         0x51 (size before relaxing)
 .comment       0x0000000000000050       0x51 ./Core/Src/ST7735.o
 .comment       0x0000000000000050       0x51 ./Core/Src/fonts.o
 .comment       0x0000000000000050       0x51 ./Core/Src/main.o
 .comment       0x0000000000000050       0x51 ./Core/Src/stm32f4xx_hal_msp.o
 .comment       0x0000000000000050       0x51 ./Core/Src/stm32f4xx_it.o
 .comment       0x0000000000000050       0x51 ./Core/Src/system_stm32f4xx.o
 .comment       0x0000000000000050       0x51 ./Drivers/STM32F4xx_HAL_Driver/Src/stm32f4xx_hal.o
 .comment       0x0000000000000050       0x51 ./Drivers/STM32F4xx_HAL_Driver/Src/stm32f4xx_hal_cortex.o
 .comment       0x0000000000000050       0x51 ./Drivers/STM32F4xx_HAL_Driver/Src/stm32f4xx_hal_gpio.o
 .comment       0x0000000000000050       0x51 ./Drivers/STM32F4xx_HAL_Driver/Src/stm32f4xx_hal_pwr_ex.o
 .comment       0x0000000000000050       0x51 ./Drivers/STM32F4xx_HAL_Driver/Src/stm32f4xx_hal_rcc.o
 .comment       0x0000000000000050       0x51 ./Drivers/STM32F4xx_HAL_Driver/Src/stm32f4xx_hal_rcc_ex.o
 .comment       0x0000000000000050       0x51 ./Drivers/STM32F4xx_HAL_Driver/Src/stm32f4xx_hal_spi.o

.debug_frame    0x0000000000000000     0x209c
 .debug_frame   0x0000000000000000      0x478 ./Core/Src/GFX_FUNCTIONS.o
 .debug_frame   0x0000000000000478      0x23c ./Core/Src/ST7735.o
 .debug_frame   0x00000000000006b4       0xb4 ./Core/Src/main.o
 .debug_frame   0x0000000000000768       0x80 ./Core/Src/stm32f4xx_hal_msp.o
 .debug_frame   0x00000000000007e8      0x10c ./Core/Src/stm32f4xx_it.o
 .debug_frame   0x00000000000008f4       0x58 ./Core/Src/system_stm32f4xx.o
 .debug_frame   0x000000000000094c      0x374 ./Drivers/STM32F4xx_HAL_Driver/Src/stm32f4xx_hal.o
 .debug_frame   0x0000000000000cc0      0x498 ./Drivers/STM32F4xx_HAL_Driver/Src/stm32f4xx_hal_cortex.o
 .debug_frame   0x0000000000001158      0x14c ./Drivers/STM32F4xx_HAL_Driver/Src/stm32f4xx_hal_gpio.o
 .debug_frame   0x00000000000012a4      0x14c ./Drivers/STM32F4xx_HAL_Driver/Src/stm32f4xx_hal_pwr_ex.o
 .debug_frame   0x00000000000013f0      0x1f4 ./Drivers/STM32F4xx_HAL_Driver/Src/stm32f4xx_hal_rcc.o
 .debug_frame   0x00000000000015e4      0x1e8 ./Drivers/STM32F4xx_HAL_Driver/Src/stm32f4xx_hal_rcc_ex.o
 .debug_frame   0x00000000000017cc      0x824 ./Drivers/STM32F4xx_HAL_Driver/Src/stm32f4xx_hal_spi.o
 .debug_frame   0x0000000000001ff0       0x2c c:/st/stm32cubeide_1.10.1/stm32cubeide/plugins/com.st.stm32cube.ide.mcu.externaltools.gnu-tools-for-stm32.10.3-2021.10.win32_1.0.0.202111181127/tools/bin/../lib/gcc/arm-none-eabi/10.3.1/../../../../arm-none-eabi/lib/thumb/v7e-m+fp/hard\libc_nano.a(lib_a-init.o)
 .debug_frame   0x000000000000201c       0x20 c:/st/stm32cubeide_1.10.1/stm32cubeide/plugins/com.st.stm32cube.ide.mcu.externaltools.gnu-tools-for-stm32.10.3-2021.10.win32_1.0.0.202111181127/tools/bin/../lib/gcc/arm-none-eabi/10.3.1/../../../../arm-none-eabi/lib/thumb/v7e-m+fp/hard\libc_nano.a(lib_a-memset.o)
 .debug_frame   0x000000000000203c       0x2c c:/st/stm32cubeide_1.10.1/stm32cubeide/plugins/com.st.stm32cube.ide.mcu.externaltools.gnu-tools-for-stm32.10.3-2021.10.win32_1.0.0.202111181127/tools/bin/../lib/gcc/arm-none-eabi/10.3.1/thumb/v7e-m+fp/hard\libgcc.a(_aeabi_uldivmod.o)
 .debug_frame   0x0000000000002068       0x34 c:/st/stm32cubeide_1.10.1/stm32cubeide/plugins/com.st.stm32cube.ide.mcu.externaltools.gnu-tools-for-stm32.10.3-2021.10.win32_1.0.0.202111181127/tools/bin/../lib/gcc/arm-none-eabi/10.3.1/thumb/v7e-m+fp/hard\libgcc.a(_udivmoddi4.o)
